T3B94 000:001.182   SEGGER J-Link V9.42 Log File
T3B94 000:001.302   DLL Compiled: May  6 2026 12:25:27
T3B94 000:001.308   Logging started @ 2026-08-14 20:45
T3B94 000:001.314   Process: C:\Users\linga\.eclipse\com.renesas.platform_1435879475\DebugComp\RA\e2-server-gdb.exe
T3B94 000:001.324 - 1.319ms 
T3B94 000:001.337 JLINK_GetDLLVersion()
T3B94 000:001.343 - 0.006ms returns 94200
T3B94 000:003.652 JLINK_OpenEx(...)
T3B94 000:010.075   Firmware: J-Link OB-RA4M2 compiled May  6 2026 16:18:23
T3B94 000:010.872   Firmware: J-Link OB-RA4M2 compiled May  6 2026 16:18:23
T3B94 000:028.410   Hardware: V1.00
T3B94 000:028.447   S/N: 1084968522
T3B94 000:028.458   OEM: SEGGER
T3B94 000:028.478   Feature(s): None
T3B94 000:029.264   Bootloader: 2021 May 14
T3B94 000:029.841   USB speed mode: Full speed (12 MBit/s)
T3B94 000:030.279   TELNET listener socket opened on port 19021
T3B94 000:030.497   WEBSRV WEBSRV_Init(): Starting webserver thread(s)
T3B94 000:030.737   WEBSRV Webserver running on local port 19080
T3B94 000:030.909   Looking for J-Link GUI Server exe at: C:\Users\linga\.eclipse\com.renesas.platform_1435879475\DebugComp\RA\ARM\Segger_v9.42.0\JLinkGUIServer.exe
T3B94 000:031.049   Looking for J-Link GUI Server exe at: C:\Program Files\SEGGER\JLink_V948\JLinkGUIServer.exe
T3B94 000:031.096   Forking J-Link GUI Server: C:\Program Files\SEGGER\JLink_V948\JLinkGUIServer.exe
T3B94 000:059.830   J-Link GUI Server info: "J-Link GUI server V9.48 "
T3B94 000:061.542 - 57.886ms returns "O.K."
T3B94 000:061.630 JLINK_TIF_Select(JLINKARM_TIF_SWD)
T3B94 000:062.490 - 0.861ms returns 0x00
T3B94 000:062.518 JLINK_ClrRESET()
T3B94 000:062.745 - 0.226ms 
T3B94 000:113.391 JLINK_SetSpeed(1500)
T3B94 000:113.736 - 0.356ms 
T3B94 000:113.759 JLINK_CORESIGHT_Configure(PerformTIFInit=0)
T3B94 000:114.229 - 0.472ms returns 0
T3B94 000:114.251 JLINK_CORESIGHT_ReadAPDPReg(DP reg 0x00)
T3B94 000:114.747   Value=0x6BA02477
T3B94 000:114.785 - 0.537ms returns 0
T3B94 000:114.800 JLINK_CORESIGHT_WriteAPDPReg(DP reg 0x00, 0x0000001F)
T3B94 000:115.023 - 0.223ms returns 0
T3B94 000:115.036 JLINK_CORESIGHT_ReadAPDPReg(DP reg 0x00)
T3B94 000:115.254   Value=0x6BA02477
T3B94 000:115.269 - 0.233ms returns 0
T3B94 000:115.281 JLINK_CORESIGHT_WriteAPDPReg(DP reg 0x02, 0x00000000)
T3B94 000:115.492 - 0.211ms returns 0
T3B94 000:115.505 JLINK_CORESIGHT_WriteAPDPReg(DP reg 0x01, 0x50000000)
T3B94 000:115.723 - 0.219ms returns 0
T3B94 000:115.740 JLINK_CORESIGHT_ReadAPDPReg(DP reg 0x01)
T3B94 000:115.964   Value=0xF0000000
T3B94 000:115.981 - 0.241ms returns 0
T3B94 000:115.994 JLINK_CORESIGHT_WriteAPDPReg(DP reg 0x00, 0x0000001F)
T3B94 000:116.349 - 0.355ms returns 0
T3B94 000:116.366 JLINK_CORESIGHT_ReadAPDPReg(DP reg 0x00)
T3B94 000:116.609   Value=0x6BA02477
T3B94 000:116.625 - 0.259ms returns 0
T3B94 000:116.638 JLINK_CORESIGHT_WriteAPDPReg(DP reg 0x01, 0x54000000)
T3B94 000:116.870 - 0.232ms returns 0
T3B94 000:116.885 JLINK_CORESIGHT_WriteAPDPReg(DP reg 0x01, 0x50000F00)
T3B94 000:117.113 - 0.229ms returns 0
T3B94 000:117.134 JLINK_CORESIGHT_WriteAPDPReg(DP reg 0x02, 0x01000000)
T3B94 000:117.403 - 0.267ms returns 0
T3B94 000:117.455 JLINK_CORESIGHT_WriteAPDPReg(AP reg 0x00, 0x80000002)
T3B94 000:117.695 - 0.241ms returns 0
T3B94 000:117.786 JLINK_CORESIGHT_WriteAPDPReg(AP reg 0x01, 0x80011100)
T3B94 000:118.085 - 0.299ms returns 0
T3B94 000:118.106 JLINK_CORESIGHT_WriteAPDPReg(AP reg 0x03, 0x000000A5)
T3B94 000:118.388 - 0.281ms returns 0
T3B94 000:118.423 JLINK_CORESIGHT_WriteAPDPReg(AP reg 0x00, 0x80000002)
T3B94 000:118.665 - 0.242ms returns 0
T3B94 000:118.681 JLINK_CORESIGHT_WriteAPDPReg(AP reg 0x01, 0x80011100)
T3B94 000:118.923 - 0.242ms returns 0
T3B94 000:118.939 JLINK_CORESIGHT_ReadAPDPReg(AP reg 0x03)
T3B94 000:119.257   Value=0x000000A5
T3B94 000:119.276 - 0.337ms returns 0
T3B94 000:119.290 JLINK_ClrTMS()
T3B94 000:119.403 - 0.112ms 
T3B94 000:124.864 JLINK_SetTCK()
T3B94 000:125.012 - 0.147ms returns 0
T3B94 000:130.348 JLINK_SetRESET()
T3B94 000:130.581 - 0.232ms 
T3B94 000:331.369 JLINK_CORESIGHT_WriteAPDPReg(AP reg 0x00, 0x80000002)
T3B94 000:331.865 - 0.496ms returns 0
T3B94 000:331.885 JLINK_CORESIGHT_WriteAPDPReg(AP reg 0x01, 0x80011100)
T3B94 000:332.117 - 0.232ms returns 0
T3B94 000:332.132 JLINK_CORESIGHT_ReadAPDPReg(AP reg 0x03)
T3B94 000:332.426   Value=0x00000000
T3B94 000:332.443 - 0.311ms returns 0
T3B94 000:332.459 JLINK_CORESIGHT_WriteAPDPReg(AP reg 0x00, 0x80000002)
T3B94 000:332.687 - 0.229ms returns 0
T3B94 000:332.702 JLINK_CORESIGHT_WriteAPDPReg(AP reg 0x01, 0x80011140)
T3B94 000:332.926 - 0.224ms returns 0
T3B94 000:332.943 JLINK_CORESIGHT_ReadAPDPReg(AP reg 0x03)
T3B94 000:333.256   Value=0x00000002
T3B94 000:333.273 - 0.330ms returns 0
T3B94 000:333.287 JLINK_CORESIGHT_WriteAPDPReg(AP reg 0x00, 0x80000002)
T3B94 000:333.567 - 0.277ms returns 0
T3B94 000:333.618 JLINK_CORESIGHT_WriteAPDPReg(AP reg 0x01, 0x80011120)
T3B94 000:333.866 - 0.248ms returns 0
T3B94 000:333.883 JLINK_CORESIGHT_WriteAPDPReg(AP reg 0x03, 0x00000055)
T3B94 000:334.178 - 0.294ms returns 0
T3B94 000:334.209 JLINK_CORESIGHT_WriteAPDPReg(AP reg 0x00, 0x80000002)
T3B94 000:334.457 - 0.249ms returns 0
T3B94 000:334.474 JLINK_CORESIGHT_WriteAPDPReg(AP reg 0x01, 0x80011140)
T3B94 000:334.708 - 0.234ms returns 0
T3B94 000:334.724 JLINK_CORESIGHT_ReadAPDPReg(AP reg 0x03)
T3B94 000:335.004   Value=0x00000002
T3B94 000:335.023 - 0.298ms returns 0
T3B94 000:335.038 JLINK_CORESIGHT_ReadAPDPReg(AP reg 0x03)
T3B94 000:335.310   Value=0x00000002
T3B94 000:335.329 - 0.291ms returns 0
T3B94 000:335.344 JLINK_CORESIGHT_ReadAPDPReg(AP reg 0x03)
T3B94 000:335.627   Value=0x00000002
T3B94 000:335.647 - 0.302ms returns 0
T3B94 000:335.663 JLINK_CORESIGHT_ReadAPDPReg(AP reg 0x03)
T3B94 000:335.949   Value=0x00000002
T3B94 000:335.970 - 0.307ms returns 0
T3B94 000:335.986 JLINK_CORESIGHT_ReadAPDPReg(AP reg 0x03)
T3B94 000:336.258   Value=0x00000002
T3B94 000:336.276 - 0.291ms returns 0
T3B94 000:336.291 JLINK_CORESIGHT_ReadAPDPReg(AP reg 0x03)
T3B94 000:336.569   Value=0x00000002
T3B94 000:336.586 - 0.295ms returns 0
T3B94 000:336.601 JLINK_CORESIGHT_ReadAPDPReg(AP reg 0x03)
T3B94 000:336.880   Value=0x00000002
T3B94 000:336.896 - 0.295ms returns 0
T3B94 000:336.909 JLINK_CORESIGHT_ReadAPDPReg(AP reg 0x03)
T3B94 000:337.259   Value=0x00000002
T3B94 000:337.290 - 0.380ms returns 0
T3B94 000:337.304 JLINK_CORESIGHT_ReadAPDPReg(AP reg 0x03)
T3B94 000:337.589   Value=0x00000002
T3B94 000:337.606 - 0.302ms returns 0
T3B94 000:337.619 JLINK_CORESIGHT_ReadAPDPReg(AP reg 0x03)
T3B94 000:337.964   Value=0x00000002
T3B94 000:337.980 - 0.360ms returns 0
T3B94 000:337.994 JLINK_CORESIGHT_ReadAPDPReg(AP reg 0x03)
T3B94 000:338.291   Value=0x00000002
T3B94 000:338.333 - 0.338ms returns 0
T3B94 000:338.355 JLINK_CORESIGHT_ReadAPDPReg(AP reg 0x03)
T3B94 000:338.644   Value=0x00000002
T3B94 000:338.667 - 0.312ms returns 0
T3B94 000:338.683 JLINK_CORESIGHT_ReadAPDPReg(AP reg 0x03)
T3B94 000:339.002   Value=0x00000002
T3B94 000:339.019 - 0.336ms returns 0
T3B94 000:339.034 JLINK_CORESIGHT_ReadAPDPReg(AP reg 0x03)
T3B94 000:339.304   Value=0x00000002
T3B94 000:339.321 - 0.287ms returns 0
T3B94 000:339.334 JLINK_CORESIGHT_ReadAPDPReg(AP reg 0x03)
T3B94 000:339.587   Value=0x00000002
T3B94 000:339.602 - 0.269ms returns 0
T3B94 000:339.615 JLINK_CORESIGHT_ReadAPDPReg(AP reg 0x03)
T3B94 000:339.885   Value=0x00000002
T3B94 000:339.901 - 0.285ms returns 0
T3B94 000:339.914 JLINK_CORESIGHT_ReadAPDPReg(AP reg 0x03)
T3B94 000:340.256   Value=0x00000002
T3B94 000:340.273 - 0.359ms returns 0
T3B94 000:340.287 JLINK_CORESIGHT_ReadAPDPReg(AP reg 0x03)
T3B94 000:340.543   Value=0x00000002
T3B94 000:340.560 - 0.273ms returns 0
T3B94 000:340.584 JLINK_CORESIGHT_ReadAPDPReg(AP reg 0x03)
T3B94 000:340.858   Value=0x00000002
T3B94 000:340.877 - 0.293ms returns 0
T3B94 000:340.897 JLINK_CORESIGHT_ReadAPDPReg(AP reg 0x03)
T3B94 000:341.149   Value=0x00000002
T3B94 000:341.164 - 0.266ms returns 0
T3B94 000:341.182 JLINK_CORESIGHT_ReadAPDPReg(AP reg 0x03)
T3B94 000:341.456   Value=0x00000002
T3B94 000:341.482 - 0.300ms returns 0
T3B94 000:341.499 JLINK_CORESIGHT_ReadAPDPReg(AP reg 0x03)
T3B94 000:341.773   Value=0x00000002
T3B94 000:341.789 - 0.290ms returns 0
T3B94 000:341.806 JLINK_CORESIGHT_ReadAPDPReg(AP reg 0x03)
T3B94 000:342.082   Value=0x00000002
T3B94 000:342.097 - 0.291ms returns 0
T3B94 000:342.115 JLINK_CORESIGHT_ReadAPDPReg(AP reg 0x03)
T3B94 000:342.426   Value=0x00000002
T3B94 000:342.441 - 0.327ms returns 0
T3B94 000:342.458 JLINK_CORESIGHT_ReadAPDPReg(AP reg 0x03)
T3B94 000:342.734   Value=0x00000002
T3B94 000:342.750 - 0.292ms returns 0
T3B94 000:342.768 JLINK_CORESIGHT_ReadAPDPReg(AP reg 0x03)
T3B94 000:343.038   Value=0x00000002
T3B94 000:343.053 - 0.286ms returns 0
T3B94 000:343.071 JLINK_CORESIGHT_ReadAPDPReg(AP reg 0x03)
T3B94 000:343.329   Value=0x00000002
T3B94 000:343.345 - 0.274ms returns 0
T3B94 000:343.362 JLINK_CORESIGHT_ReadAPDPReg(AP reg 0x03)
T3B94 000:343.640   Value=0x00000002
T3B94 000:343.655 - 0.294ms returns 0
T3B94 000:343.672 JLINK_CORESIGHT_ReadAPDPReg(AP reg 0x03)
T3B94 000:343.948   Value=0x00000002
T3B94 000:343.964 - 0.291ms returns 0
T3B94 000:343.981 JLINK_CORESIGHT_ReadAPDPReg(AP reg 0x03)
T3B94 000:344.254   Value=0x00000002
T3B94 000:344.269 - 0.288ms returns 0
T3B94 000:344.289 JLINK_CORESIGHT_ReadAPDPReg(AP reg 0x03)
T3B94 000:344.616   Value=0x00000002
T3B94 000:344.633 - 0.345ms returns 0
T3B94 000:344.651 JLINK_CORESIGHT_ReadAPDPReg(AP reg 0x03)
T3B94 000:344.930   Value=0x00000002
T3B94 000:344.945 - 0.294ms returns 0
T3B94 000:344.962 JLINK_CORESIGHT_ReadAPDPReg(AP reg 0x03)
T3B94 000:345.255   Value=0x00000002
T3B94 000:345.271 - 0.309ms returns 0
T3B94 000:345.289 JLINK_CORESIGHT_ReadAPDPReg(AP reg 0x03)
T3B94 000:345.571   Value=0x00000000
T3B94 000:345.589 - 0.300ms returns 0
T3B94 000:345.609 JLINK_CORESIGHT_WriteAPDPReg(AP reg 0x00, 0x80000002)
T3B94 000:345.842 - 0.233ms returns 0
T3B94 000:345.861 JLINK_CORESIGHT_WriteAPDPReg(AP reg 0x01, 0x80011130)
T3B94 000:346.087 - 0.225ms returns 0
T3B94 000:346.106 JLINK_CORESIGHT_ReadAPDPReg(AP reg 0x03)
T3B94 000:346.425   Value=0x000000C6
T3B94 000:346.442 - 0.336ms returns 0
T3B94 000:346.479 JLINK_CORESIGHT_WriteAPDPReg(AP reg 0x00, 0x80000002)
T3B94 000:346.705 - 0.226ms returns 0
T3B94 000:346.723 JLINK_CORESIGHT_WriteAPDPReg(AP reg 0x01, 0x80011140)
T3B94 000:346.949 - 0.225ms returns 0
T3B94 000:346.967 JLINK_CORESIGHT_ReadAPDPReg(AP reg 0x03)
T3B94 000:347.254   Value=0x00000002
T3B94 000:347.270 - 0.303ms returns 0
T3B94 000:347.288 JLINK_CORESIGHT_WriteAPDPReg(AP reg 0x00, 0x80000002)
T3B94 000:347.514 - 0.226ms returns 0
T3B94 000:347.532 JLINK_CORESIGHT_WriteAPDPReg(AP reg 0x01, 0x80011120)
T3B94 000:347.757 - 0.225ms returns 0
T3B94 000:347.776 JLINK_CORESIGHT_WriteAPDPReg(AP reg 0x03, 0x3A010001)
T3B94 000:348.115 - 0.338ms returns 0
T3B94 000:348.146 JLINK_CORESIGHT_WriteAPDPReg(AP reg 0x00, 0x80000002)
T3B94 000:348.377 - 0.231ms returns 0
T3B94 000:348.396 JLINK_CORESIGHT_WriteAPDPReg(AP reg 0x01, 0x80011140)
T3B94 000:348.625 - 0.229ms returns 0
T3B94 000:348.643 JLINK_CORESIGHT_ReadAPDPReg(AP reg 0x03)
T3B94 000:348.913   Value=0x00000002
T3B94 000:348.929 - 0.286ms returns 0
T3B94 000:348.946 JLINK_CORESIGHT_WriteAPDPReg(AP reg 0x00, 0x80000002)
T3B94 000:349.172 - 0.226ms returns 0
T3B94 000:349.191 JLINK_CORESIGHT_WriteAPDPReg(AP reg 0x01, 0x80011120)
T3B94 000:349.415 - 0.225ms returns 0
T3B94 000:349.434 JLINK_CORESIGHT_WriteAPDPReg(AP reg 0x03, 0x000003C5)
T3B94 000:349.658 - 0.224ms returns 0
T3B94 000:349.677 JLINK_CORESIGHT_WriteAPDPReg(AP reg 0x00, 0x80000002)
T3B94 000:349.901 - 0.224ms returns 0
T3B94 000:349.920 JLINK_CORESIGHT_WriteAPDPReg(AP reg 0x01, 0x80011140)
T3B94 000:350.145 - 0.225ms returns 0
T3B94 000:350.163 JLINK_CORESIGHT_ReadAPDPReg(AP reg 0x03)
T3B94 000:350.436   Value=0x00000002
T3B94 000:350.452 - 0.289ms returns 0
T3B94 000:350.469 JLINK_CORESIGHT_ReadAPDPReg(AP reg 0x03)
T3B94 000:350.738   Value=0x00000002
T3B94 000:350.753 - 0.284ms returns 0
T3B94 000:350.770 JLINK_CORESIGHT_ReadAPDPReg(AP reg 0x03)
T3B94 000:351.047   Value=0x00000002
T3B94 000:351.063 - 0.292ms returns 0
T3B94 000:351.080 JLINK_CORESIGHT_ReadAPDPReg(AP reg 0x03)
T3B94 000:351.330   Value=0x00000002
T3B94 000:351.345 - 0.265ms returns 0
T3B94 000:351.362 JLINK_CORESIGHT_ReadAPDPReg(AP reg 0x03)
T3B94 000:351.633   Value=0x00000002
T3B94 000:351.648 - 0.286ms returns 0
T3B94 000:351.666 JLINK_CORESIGHT_ReadAPDPReg(AP reg 0x03)
T3B94 000:351.940   Value=0x00000002
T3B94 000:351.955 - 0.289ms returns 0
T3B94 000:351.972 JLINK_CORESIGHT_ReadAPDPReg(AP reg 0x03)
T3B94 000:352.254   Value=0x00000002
T3B94 000:352.270 - 0.298ms returns 0
T3B94 000:352.287 JLINK_CORESIGHT_ReadAPDPReg(AP reg 0x03)
T3B94 000:352.562   Value=0x00000002
T3B94 000:352.577 - 0.290ms returns 0
T3B94 000:352.594 JLINK_CORESIGHT_ReadAPDPReg(AP reg 0x03)
T3B94 000:352.868   Value=0x00000000
T3B94 000:352.883 - 0.289ms returns 0
T3B94 000:352.900 JLINK_CORESIGHT_WriteAPDPReg(AP reg 0x00, 0x80000002)
T3B94 000:353.124 - 0.224ms returns 0
T3B94 000:353.143 JLINK_CORESIGHT_WriteAPDPReg(AP reg 0x01, 0x80011130)
T3B94 000:353.376 - 0.233ms returns 0
T3B94 000:353.394 JLINK_CORESIGHT_ReadAPDPReg(AP reg 0x03)
T3B94 000:353.668   Value=0x3A2A0081
T3B94 000:353.684 - 0.290ms returns 0
T3B94 000:353.701 JLINK_CORESIGHT_WriteAPDPReg(AP reg 0x00, 0x80000002)
T3B94 000:353.921 - 0.220ms returns 0
T3B94 000:353.939 JLINK_CORESIGHT_WriteAPDPReg(AP reg 0x01, 0x80011140)
T3B94 000:354.165 - 0.226ms returns 0
T3B94 000:354.183 JLINK_CORESIGHT_ReadAPDPReg(AP reg 0x03)
T3B94 000:354.448   Value=0x00000000
T3B94 000:354.464 - 0.281ms returns 0
T3B94 000:354.481 JLINK_CORESIGHT_WriteAPDPReg(AP reg 0x00, 0x80000002)
T3B94 000:354.705 - 0.225ms returns 0
T3B94 000:354.724 JLINK_CORESIGHT_WriteAPDPReg(AP reg 0x01, 0x80011130)
T3B94 000:354.948 - 0.225ms returns 0
T3B94 000:354.967 JLINK_CORESIGHT_ReadAPDPReg(AP reg 0x03)
T3B94 000:355.254   Value=0x808D5B00
T3B94 000:355.269 - 0.302ms returns 0
T3B94 000:355.286 JLINK_CORESIGHT_WriteAPDPReg(AP reg 0x00, 0x80000002)
T3B94 000:355.511 - 0.225ms returns 0
T3B94 000:355.529 JLINK_CORESIGHT_WriteAPDPReg(AP reg 0x01, 0x80011140)
T3B94 000:355.753 - 0.224ms returns 0
T3B94 000:355.771 JLINK_CORESIGHT_ReadAPDPReg(AP reg 0x03)
T3B94 000:356.022   Value=0x00000000
T3B94 000:356.038 - 0.266ms returns 0
T3B94 000:356.055 JLINK_CORESIGHT_WriteAPDPReg(AP reg 0x00, 0x80000002)
T3B94 000:356.280 - 0.225ms returns 0
T3B94 000:356.298 JLINK_CORESIGHT_WriteAPDPReg(AP reg 0x01, 0x80011130)
T3B94 000:356.523 - 0.225ms returns 0
T3B94 000:356.542 JLINK_CORESIGHT_ReadAPDPReg(AP reg 0x03)
T3B94 000:356.816   Value=0x0406070A
T3B94 000:356.832 - 0.290ms returns 0
T3B94 000:356.849 JLINK_CORESIGHT_WriteAPDPReg(AP reg 0x00, 0x80000002)
T3B94 000:357.071 - 0.221ms returns 0
T3B94 000:357.089 JLINK_CORESIGHT_WriteAPDPReg(AP reg 0x01, 0x80011140)
T3B94 000:357.377 - 0.288ms returns 0
T3B94 000:357.395 JLINK_CORESIGHT_ReadAPDPReg(AP reg 0x03)
T3B94 000:357.671   Value=0x00000000
T3B94 000:357.686 - 0.291ms returns 0
T3B94 000:357.704 JLINK_CORESIGHT_WriteAPDPReg(AP reg 0x00, 0x80000002)
T3B94 000:357.978 - 0.274ms returns 0
T3B94 000:357.997 JLINK_CORESIGHT_WriteAPDPReg(AP reg 0x01, 0x80011130)
T3B94 000:358.264 - 0.266ms returns 0
T3B94 000:358.307 JLINK_CORESIGHT_ReadAPDPReg(AP reg 0x03)
T3B94 000:358.606   Value=0x3254540B
T3B94 000:358.625 - 0.318ms returns 0
T3B94 000:358.646 JLINK_CORESIGHT_WriteAPDPReg(AP reg 0x00, 0x80000002)
T3B94 000:358.874 - 0.228ms returns 0
T3B94 000:358.893 JLINK_CORESIGHT_WriteAPDPReg(AP reg 0x01, 0x80011140)
T3B94 000:359.119 - 0.226ms returns 0
T3B94 000:359.138 JLINK_CORESIGHT_ReadAPDPReg(AP reg 0x03)
T3B94 000:359.421   Value=0x00000000
T3B94 000:359.436 - 0.298ms returns 0
T3B94 000:359.454 JLINK_CORESIGHT_WriteAPDPReg(AP reg 0x00, 0x80000002)
T3B94 000:359.681 - 0.227ms returns 0
T3B94 000:359.700 JLINK_CORESIGHT_WriteAPDPReg(AP reg 0x01, 0x80011130)
T3B94 000:359.920 - 0.220ms returns 0
T3B94 000:359.938 JLINK_CORESIGHT_ReadAPDPReg(AP reg 0x03)
T3B94 000:360.304   Value=0x5418E159
T3B94 000:360.323 - 0.385ms returns 0
T3B94 000:360.341 JLINK_CORESIGHT_WriteAPDPReg(AP reg 0x00, 0x80000002)
T3B94 000:360.598 - 0.257ms returns 0
T3B94 000:360.617 JLINK_CORESIGHT_WriteAPDPReg(AP reg 0x01, 0x80011140)
T3B94 000:360.844 - 0.228ms returns 0
T3B94 000:360.863 JLINK_CORESIGHT_ReadAPDPReg(AP reg 0x03)
T3B94 000:361.134   Value=0x00000000
T3B94 000:361.149 - 0.286ms returns 0
T3B94 000:361.167 JLINK_CORESIGHT_WriteAPDPReg(AP reg 0x00, 0x80000002)
T3B94 000:361.392 - 0.225ms returns 0
T3B94 000:361.411 JLINK_CORESIGHT_WriteAPDPReg(AP reg 0x01, 0x80011130)
T3B94 000:361.631 - 0.220ms returns 0
T3B94 000:361.687 JLINK_CORESIGHT_ReadAPDPReg(AP reg 0x03)
T3B94 000:361.963   Value=0x34325736
T3B94 000:361.978 - 0.291ms returns 0
T3B94 000:361.996 JLINK_CORESIGHT_WriteAPDPReg(AP reg 0x00, 0x80000002)
T3B94 000:362.255 - 0.259ms returns 0
T3B94 000:362.274 JLINK_CORESIGHT_WriteAPDPReg(AP reg 0x01, 0x80011140)
T3B94 000:362.503 - 0.229ms returns 0
T3B94 000:362.521 JLINK_CORESIGHT_ReadAPDPReg(AP reg 0x03)
T3B94 000:362.795   Value=0x00000000
T3B94 000:362.810 - 0.289ms returns 0
T3B94 000:362.827 JLINK_CORESIGHT_WriteAPDPReg(AP reg 0x00, 0x80000002)
T3B94 000:363.051 - 0.224ms returns 0
T3B94 000:363.071 JLINK_CORESIGHT_WriteAPDPReg(AP reg 0x01, 0x80011130)
T3B94 000:363.307 - 0.236ms returns 0
T3B94 000:363.327 JLINK_CORESIGHT_ReadAPDPReg(AP reg 0x03)
T3B94 000:363.610   Value=0x590A2D30
T3B94 000:363.627 - 0.300ms returns 0
T3B94 000:363.647 JLINK_CORESIGHT_WriteAPDPReg(AP reg 0x00, 0x80000002)
T3B94 000:363.873 - 0.226ms returns 0
T3B94 000:363.894 JLINK_CORESIGHT_WriteAPDPReg(AP reg 0x01, 0x80011140)
T3B94 000:364.123 - 0.229ms returns 0
T3B94 000:364.145 JLINK_CORESIGHT_ReadAPDPReg(AP reg 0x03)
T3B94 000:364.430   Value=0x00000000
T3B94 000:364.448 - 0.304ms returns 0
T3B94 000:364.469 JLINK_CORESIGHT_WriteAPDPReg(AP reg 0x00, 0x80000002)
T3B94 000:364.703 - 0.234ms returns 0
T3B94 000:364.724 JLINK_CORESIGHT_WriteAPDPReg(AP reg 0x01, 0x80011130)
T3B94 000:364.954 - 0.229ms returns 0
T3B94 000:364.977 JLINK_CORESIGHT_ReadAPDPReg(AP reg 0x03)
T3B94 000:365.260   Value=0x4B37527F
T3B94 000:365.280 - 0.303ms returns 0
T3B94 000:365.301 JLINK_CORESIGHT_WriteAPDPReg(AP reg 0x00, 0x80000002)
T3B94 000:365.537 - 0.236ms returns 0
T3B94 000:365.561 JLINK_CORESIGHT_WriteAPDPReg(AP reg 0x01, 0x80011140)
T3B94 000:365.796 - 0.235ms returns 0
T3B94 000:365.819 JLINK_CORESIGHT_ReadAPDPReg(AP reg 0x03)
T3B94 000:366.106   Value=0x00000000
T3B94 000:366.126 - 0.307ms returns 0
T3B94 000:366.998 JLINK_CORESIGHT_WriteAPDPReg(AP reg 0x00, 0x80000002)
T3B94 000:367.301 - 0.305ms returns 0
T3B94 000:367.330 JLINK_CORESIGHT_WriteAPDPReg(AP reg 0x01, 0x80011130)
T3B94 000:367.645 - 0.315ms returns 0
T3B94 000:367.667 JLINK_CORESIGHT_ReadAPDPReg(AP reg 0x03)
T3B94 000:367.982   Value=0x31503841
T3B94 000:368.006 - 0.340ms returns 0
T3B94 000:368.027 JLINK_CORESIGHT_WriteAPDPReg(AP reg 0x00, 0x80000002)
T3B94 000:368.323 - 0.294ms returns 0
T3B94 000:368.388 JLINK_CORESIGHT_WriteAPDPReg(AP reg 0x01, 0x80011140)
T3B94 000:368.682 - 0.295ms returns 0
T3B94 000:368.719 JLINK_CORESIGHT_ReadAPDPReg(AP reg 0x03)
T3B94 000:369.050   Value=0x00000000
T3B94 000:369.077 - 0.358ms returns 0
T3B94 000:369.099 JLINK_CORESIGHT_WriteAPDPReg(AP reg 0x00, 0x80000002)
T3B94 000:369.393 - 0.294ms returns 0
T3B94 000:369.425 JLINK_CORESIGHT_WriteAPDPReg(AP reg 0x01, 0x80011130)
T3B94 000:369.695 - 0.270ms returns 0
T3B94 000:369.734 JLINK_CORESIGHT_ReadAPDPReg(AP reg 0x03)
T3B94 000:370.065   Value=0x434C464B
T3B94 000:370.096 - 0.362ms returns 0
T3B94 000:370.122 JLINK_CORESIGHT_WriteAPDPReg(AP reg 0x00, 0x80000002)
T3B94 000:370.412 - 0.291ms returns 0
T3B94 000:370.439 JLINK_CORESIGHT_WriteAPDPReg(AP reg 0x01, 0x80011140)
T3B94 000:370.696 - 0.258ms returns 0
T3B94 000:370.724 JLINK_CORESIGHT_ReadAPDPReg(AP reg 0x03)
T3B94 000:371.057   Value=0x00000000
T3B94 000:371.087 - 0.363ms returns 0
T3B94 000:371.112 JLINK_CORESIGHT_WriteAPDPReg(AP reg 0x00, 0x80000002)
T3B94 000:371.419 - 0.307ms returns 0
T3B94 000:371.460 JLINK_CORESIGHT_WriteAPDPReg(AP reg 0x01, 0x80011130)
T3B94 000:371.759 - 0.300ms returns 0
T3B94 000:371.795 JLINK_CORESIGHT_ReadAPDPReg(AP reg 0x03)
T3B94 000:372.122   Value=0x20204341
T3B94 000:372.152 - 0.357ms returns 0
T3B94 000:372.176 JLINK_CORESIGHT_WriteAPDPReg(AP reg 0x00, 0x80000002)
T3B94 000:372.476 - 0.301ms returns 0
T3B94 000:372.503 JLINK_CORESIGHT_WriteAPDPReg(AP reg 0x01, 0x80011140)
T3B94 000:372.779 - 0.277ms returns 0
T3B94 000:372.806 JLINK_CORESIGHT_ReadAPDPReg(AP reg 0x03)
T3B94 000:373.130   Value=0x00000000
T3B94 000:373.160 - 0.354ms returns 0
T3B94 000:373.186 JLINK_CORESIGHT_WriteAPDPReg(AP reg 0x00, 0x80000002)
T3B94 000:373.485 - 0.300ms returns 0
T3B94 000:373.512 JLINK_CORESIGHT_WriteAPDPReg(AP reg 0x01, 0x80011130)
T3B94 000:373.788 - 0.276ms returns 0
T3B94 000:373.818 JLINK_CORESIGHT_ReadAPDPReg(AP reg 0x03)
T3B94 000:374.141   Value=0x00038A20
T3B94 000:374.167 - 0.350ms returns 0
T3B94 000:374.395 JLINK_CORESIGHT_WriteAPDPReg(AP reg 0x00, 0x80000002)
T3B94 000:374.687 - 0.293ms returns 0
T3B94 000:374.711 JLINK_CORESIGHT_WriteAPDPReg(AP reg 0x01, 0x80011140)
T3B94 000:374.973 - 0.262ms returns 0
T3B94 000:374.995 JLINK_CORESIGHT_ReadAPDPReg(AP reg 0x03)
T3B94 000:375.293   Value=0x00000002
T3B94 000:375.317 - 0.323ms returns 0
T3B94 000:375.338 JLINK_CORESIGHT_WriteAPDPReg(AP reg 0x00, 0x80000002)
T3B94 000:375.671 - 0.332ms returns 0
T3B94 000:375.717 JLINK_CORESIGHT_WriteAPDPReg(AP reg 0x01, 0x80011120)
T3B94 000:375.978 - 0.262ms returns 0
T3B94 000:376.008 JLINK_CORESIGHT_WriteAPDPReg(AP reg 0x03, 0x39020001)
T3B94 000:376.265 - 0.258ms returns 0
T3B94 000:376.286 JLINK_CORESIGHT_WriteAPDPReg(AP reg 0x00, 0x80000002)
T3B94 000:376.536 - 0.251ms returns 0
T3B94 000:376.557 JLINK_CORESIGHT_WriteAPDPReg(AP reg 0x01, 0x80011140)
T3B94 000:376.811 - 0.254ms returns 0
T3B94 000:376.831 JLINK_CORESIGHT_ReadAPDPReg(AP reg 0x03)
T3B94 000:377.124   Value=0x00000002
T3B94 000:377.144 - 0.312ms returns 0
T3B94 000:377.161 JLINK_CORESIGHT_WriteAPDPReg(AP reg 0x00, 0x80000002)
T3B94 000:377.409 - 0.248ms returns 0
T3B94 000:377.427 JLINK_CORESIGHT_WriteAPDPReg(AP reg 0x01, 0x80011120)
T3B94 000:377.664 - 0.238ms returns 0
T3B94 000:377.683 JLINK_CORESIGHT_WriteAPDPReg(AP reg 0x03, 0x0003B312)
T3B94 000:377.990 - 0.307ms returns 0
T3B94 000:378.008 JLINK_CORESIGHT_WriteAPDPReg(AP reg 0x00, 0x80000002)
T3B94 000:378.261 - 0.253ms returns 0
T3B94 000:378.285 JLINK_CORESIGHT_WriteAPDPReg(AP reg 0x01, 0x80011140)
T3B94 000:378.538 - 0.253ms returns 0
T3B94 000:378.570 JLINK_CORESIGHT_ReadAPDPReg(AP reg 0x03)
T3B94 000:378.878   Value=0x00000000
T3B94 000:378.899 - 0.329ms returns 0
T3B94 000:378.916 JLINK_CORESIGHT_WriteAPDPReg(AP reg 0x00, 0x80000002)
T3B94 000:379.150 - 0.233ms returns 0
T3B94 000:379.169 JLINK_CORESIGHT_WriteAPDPReg(AP reg 0x01, 0x80011130)
T3B94 000:379.411 - 0.242ms returns 0
T3B94 000:379.434 JLINK_CORESIGHT_ReadAPDPReg(AP reg 0x03)
T3B94 000:379.725   Value=0xB90A0081
T3B94 000:379.744 - 0.310ms returns 0
T3B94 000:379.760 JLINK_CORESIGHT_WriteAPDPReg(AP reg 0x00, 0x80000002)
T3B94 000:379.990 - 0.231ms returns 0
T3B94 000:380.007 JLINK_CORESIGHT_WriteAPDPReg(AP reg 0x01, 0x80011140)
T3B94 000:380.258 - 0.251ms returns 0
T3B94 000:380.274 JLINK_CORESIGHT_ReadAPDPReg(AP reg 0x03)
T3B94 000:380.557   Value=0x00000000
T3B94 000:380.575 - 0.301ms returns 0
T3B94 000:380.591 JLINK_CORESIGHT_WriteAPDPReg(AP reg 0x00, 0x80000002)
T3B94 000:380.852 - 0.261ms returns 0
T3B94 000:380.868 JLINK_CORESIGHT_WriteAPDPReg(AP reg 0x01, 0x80011130)
T3B94 000:381.102 - 0.234ms returns 0
T3B94 000:381.117 JLINK_CORESIGHT_ReadAPDPReg(AP reg 0x03)
T3B94 000:381.428   Value=0xFFFFFFC0
T3B94 000:381.446 - 0.329ms returns 0
T3B94 000:381.461 JLINK_CORESIGHT_WriteAPDPReg(AP reg 0x00, 0x80000002)
T3B94 000:381.719 - 0.258ms returns 0
T3B94 000:381.735 JLINK_CORESIGHT_WriteAPDPReg(AP reg 0x01, 0x80011140)
T3B94 000:381.967 - 0.232ms returns 0
T3B94 000:381.995 JLINK_CORESIGHT_ReadAPDPReg(AP reg 0x03)
T3B94 000:382.282   Value=0x00000000
T3B94 000:382.300 - 0.305ms returns 0
T3B94 000:382.315 JLINK_CORESIGHT_WriteAPDPReg(AP reg 0x00, 0x80000002)
T3B94 000:382.573 - 0.258ms returns 0
T3B94 000:382.589 JLINK_CORESIGHT_WriteAPDPReg(AP reg 0x01, 0x80011130)
T3B94 000:382.816 - 0.227ms returns 0
T3B94 000:382.831 JLINK_CORESIGHT_ReadAPDPReg(AP reg 0x03)
T3B94 000:383.114   Value=0xFFFFFFFF
T3B94 000:383.131 - 0.300ms returns 0
T3B94 000:383.146 JLINK_CORESIGHT_WriteAPDPReg(AP reg 0x00, 0x80000002)
T3B94 000:383.380 - 0.234ms returns 0
T3B94 000:383.395 JLINK_CORESIGHT_WriteAPDPReg(AP reg 0x01, 0x80011140)
T3B94 000:383.622 - 0.227ms returns 0
T3B94 000:383.638 JLINK_CORESIGHT_ReadAPDPReg(AP reg 0x03)
T3B94 000:383.915   Value=0x00000000
T3B94 000:383.932 - 0.293ms returns 0
T3B94 000:383.946 JLINK_CORESIGHT_WriteAPDPReg(AP reg 0x00, 0x80000002)
T3B94 000:384.176 - 0.230ms returns 0
T3B94 000:384.195 JLINK_CORESIGHT_WriteAPDPReg(AP reg 0x01, 0x80011130)
T3B94 000:384.416 - 0.222ms returns 0
T3B94 000:384.431 JLINK_CORESIGHT_ReadAPDPReg(AP reg 0x03)
T3B94 000:384.711   Value=0x000385FF
T3B94 000:384.727 - 0.296ms returns 0
T3B94 000:384.831 JLINK_CORESIGHT_WriteAPDPReg(AP reg 0x00, 0x80000002)
T3B94 000:385.087 - 0.256ms returns 0
T3B94 000:385.103 JLINK_CORESIGHT_WriteAPDPReg(AP reg 0x01, 0x80011140)
T3B94 000:385.377 - 0.274ms returns 0
T3B94 000:385.392 JLINK_CORESIGHT_ReadAPDPReg(AP reg 0x03)
T3B94 000:385.670   Value=0x00000002
T3B94 000:385.687 - 0.295ms returns 0
T3B94 000:385.701 JLINK_CORESIGHT_WriteAPDPReg(AP reg 0x00, 0x80000002)
T3B94 000:385.955 - 0.254ms returns 0
T3B94 000:385.970 JLINK_CORESIGHT_WriteAPDPReg(AP reg 0x01, 0x80011120)
T3B94 000:386.257 - 0.287ms returns 0
T3B94 000:386.272 JLINK_CORESIGHT_WriteAPDPReg(AP reg 0x03, 0x2C010001)
T3B94 000:386.501 - 0.230ms returns 0
T3B94 000:386.517 JLINK_CORESIGHT_WriteAPDPReg(AP reg 0x00, 0x80000002)
T3B94 000:386.744 - 0.228ms returns 0
T3B94 000:386.759 JLINK_CORESIGHT_WriteAPDPReg(AP reg 0x01, 0x80011140)
T3B94 000:386.987 - 0.228ms returns 0
T3B94 000:387.002 JLINK_CORESIGHT_ReadAPDPReg(AP reg 0x03)
T3B94 000:387.283   Value=0x00000002
T3B94 000:387.299 - 0.297ms returns 0
T3B94 000:387.313 JLINK_CORESIGHT_WriteAPDPReg(AP reg 0x00, 0x80000002)
T3B94 000:387.543 - 0.229ms returns 0
T3B94 000:387.557 JLINK_CORESIGHT_WriteAPDPReg(AP reg 0x01, 0x80011120)
T3B94 000:387.788 - 0.230ms returns 0
T3B94 000:387.803 JLINK_CORESIGHT_WriteAPDPReg(AP reg 0x03, 0x000003D3)
T3B94 000:388.005 - 0.202ms returns 0
T3B94 000:388.020 JLINK_CORESIGHT_WriteAPDPReg(AP reg 0x00, 0x80000002)
T3B94 000:388.265 - 0.244ms returns 0
T3B94 000:388.287 JLINK_CORESIGHT_WriteAPDPReg(AP reg 0x01, 0x80011140)
T3B94 000:388.522 - 0.236ms returns 0
T3B94 000:388.538 JLINK_CORESIGHT_ReadAPDPReg(AP reg 0x03)
T3B94 000:388.815   Value=0x00000002
T3B94 000:388.823 - 0.285ms returns 0
T3B94 000:388.830 JLINK_CORESIGHT_ReadAPDPReg(AP reg 0x03)
T3B94 000:389.082   Value=0x00000002
T3B94 000:389.090 - 0.260ms returns 0
T3B94 000:389.097 JLINK_CORESIGHT_ReadAPDPReg(AP reg 0x03)
T3B94 000:389.416   Value=0x00000002
T3B94 000:389.424 - 0.327ms returns 0
T3B94 000:389.431 JLINK_CORESIGHT_ReadAPDPReg(AP reg 0x03)
T3B94 000:389.684   Value=0x00000002
T3B94 000:389.692 - 0.261ms returns 0
T3B94 000:389.699 JLINK_CORESIGHT_ReadAPDPReg(AP reg 0x03)
T3B94 000:389.950   Value=0x00000002
T3B94 000:389.958 - 0.259ms returns 0
T3B94 000:389.964 JLINK_CORESIGHT_ReadAPDPReg(AP reg 0x03)
T3B94 000:390.244   Value=0x00000002
T3B94 000:390.253 - 0.288ms returns 0
T3B94 000:390.259 JLINK_CORESIGHT_ReadAPDPReg(AP reg 0x03)
T3B94 000:390.513   Value=0x00000002
T3B94 000:390.521 - 0.261ms returns 0
T3B94 000:390.528 JLINK_CORESIGHT_ReadAPDPReg(AP reg 0x03)
T3B94 000:390.780   Value=0x00000002
T3B94 000:390.788 - 0.260ms returns 0
T3B94 000:390.795 JLINK_CORESIGHT_ReadAPDPReg(AP reg 0x03)
T3B94 000:391.046   Value=0x00000002
T3B94 000:391.054 - 0.259ms returns 0
T3B94 000:391.063 JLINK_CORESIGHT_ReadAPDPReg(AP reg 0x03)
T3B94 000:391.320   Value=0x00000000
T3B94 000:391.329 - 0.266ms returns 0
T3B94 000:391.336 JLINK_CORESIGHT_WriteAPDPReg(AP reg 0x00, 0x80000002)
T3B94 000:391.554 - 0.217ms returns 0
T3B94 000:391.568 JLINK_CORESIGHT_WriteAPDPReg(AP reg 0x01, 0x80011130)
T3B94 000:391.798 - 0.229ms returns 0
T3B94 000:391.812 JLINK_CORESIGHT_ReadAPDPReg(AP reg 0x03)
T3B94 000:392.091   Value=0x2C020081
T3B94 000:392.107 - 0.294ms returns 0
T3B94 000:392.121 JLINK_CORESIGHT_WriteAPDPReg(AP reg 0x00, 0x80000002)
T3B94 000:392.377 - 0.256ms returns 0
T3B94 000:392.402 JLINK_CORESIGHT_WriteAPDPReg(AP reg 0x01, 0x80011140)
T3B94 000:392.647 - 0.245ms returns 0
T3B94 000:392.667 JLINK_CORESIGHT_ReadAPDPReg(AP reg 0x03)
T3B94 000:392.942   Value=0x00000000
T3B94 000:392.957 - 0.291ms returns 0
T3B94 000:392.975 JLINK_CORESIGHT_WriteAPDPReg(AP reg 0x00, 0x80000002)
T3B94 000:393.255 - 0.280ms returns 0
T3B94 000:393.275 JLINK_CORESIGHT_WriteAPDPReg(AP reg 0x01, 0x80011130)
T3B94 000:393.504 - 0.229ms returns 0
T3B94 000:393.523 JLINK_CORESIGHT_ReadAPDPReg(AP reg 0x03)
T3B94 000:393.800   Value=0x0003CE04
T3B94 000:393.818 - 0.295ms returns 0
T3B94 000:394.512 JLINK_CORESIGHT_WriteAPDPReg(AP reg 0x00, 0x80000002)
T3B94 000:394.756 - 0.243ms returns 0
T3B94 000:394.796 JLINK_CORESIGHT_WriteAPDPReg(AP reg 0x01, 0x80011140)
T3B94 000:395.027 - 0.231ms returns 0
T3B94 000:395.043 JLINK_CORESIGHT_ReadAPDPReg(AP reg 0x03)
T3B94 000:395.337   Value=0x00000002
T3B94 000:395.363 - 0.320ms returns 0
T3B94 000:395.380 JLINK_CORESIGHT_WriteAPDPReg(AP reg 0x00, 0x80000002)
T3B94 000:395.638 - 0.257ms returns 0
T3B94 000:395.678 JLINK_CORESIGHT_WriteAPDPReg(AP reg 0x01, 0x80011120)
T3B94 000:395.926 - 0.248ms returns 0
T3B94 000:395.956 JLINK_CORESIGHT_WriteAPDPReg(AP reg 0x03, 0x73010001)
T3B94 000:396.263 - 0.307ms returns 0
T3B94 000:396.289 JLINK_CORESIGHT_WriteAPDPReg(AP reg 0x00, 0x80000002)
T3B94 000:396.531 - 0.242ms returns 0
T3B94 000:396.545 JLINK_CORESIGHT_WriteAPDPReg(AP reg 0x01, 0x80011140)
T3B94 000:396.769 - 0.224ms returns 0
T3B94 000:396.784 JLINK_CORESIGHT_ReadAPDPReg(AP reg 0x03)
T3B94 000:397.055   Value=0x00000002
T3B94 000:397.071 - 0.287ms returns 0
T3B94 000:397.085 JLINK_CORESIGHT_WriteAPDPReg(AP reg 0x00, 0x80000002)
T3B94 000:397.376 - 0.291ms returns 0
T3B94 000:397.391 JLINK_CORESIGHT_WriteAPDPReg(AP reg 0x01, 0x80011120)
T3B94 000:397.616 - 0.225ms returns 0
T3B94 000:397.631 JLINK_CORESIGHT_WriteAPDPReg(AP reg 0x03, 0x0000038C)
T3B94 000:397.912 - 0.281ms returns 0
T3B94 000:397.926 JLINK_CORESIGHT_WriteAPDPReg(AP reg 0x00, 0x80000002)
T3B94 000:398.147 - 0.220ms returns 0
T3B94 000:398.191 JLINK_CORESIGHT_WriteAPDPReg(AP reg 0x01, 0x80011140)
T3B94 000:398.447 - 0.257ms returns 0
T3B94 000:398.469 JLINK_CORESIGHT_ReadAPDPReg(AP reg 0x03)
T3B94 000:398.759   Value=0x00000002
T3B94 000:398.776 - 0.306ms returns 0
T3B94 000:398.790 JLINK_CORESIGHT_ReadAPDPReg(AP reg 0x03)
T3B94 000:399.063   Value=0x00000002
T3B94 000:399.079 - 0.289ms returns 0
T3B94 000:399.092 JLINK_CORESIGHT_ReadAPDPReg(AP reg 0x03)
T3B94 000:399.426   Value=0x00000002
T3B94 000:399.441 - 0.349ms returns 0
T3B94 000:399.454 JLINK_CORESIGHT_ReadAPDPReg(AP reg 0x03)
T3B94 000:399.762   Value=0x00000002
T3B94 000:399.778 - 0.324ms returns 0
T3B94 000:399.791 JLINK_CORESIGHT_ReadAPDPReg(AP reg 0x03)
T3B94 000:400.066   Value=0x00000002
T3B94 000:400.081 - 0.291ms returns 0
T3B94 000:400.094 JLINK_CORESIGHT_ReadAPDPReg(AP reg 0x03)
T3B94 000:400.425   Value=0x00000002
T3B94 000:400.441 - 0.346ms returns 0
T3B94 000:400.454 JLINK_CORESIGHT_ReadAPDPReg(AP reg 0x03)
T3B94 000:400.758   Value=0x00000002
T3B94 000:400.773 - 0.320ms returns 0
T3B94 000:400.786 JLINK_CORESIGHT_ReadAPDPReg(AP reg 0x03)
T3B94 000:401.059   Value=0x00000002
T3B94 000:401.075 - 0.289ms returns 0
T3B94 000:401.089 JLINK_CORESIGHT_ReadAPDPReg(AP reg 0x03)
T3B94 000:401.424   Value=0x00000002
T3B94 000:401.442 - 0.353ms returns 0
T3B94 000:401.455 JLINK_CORESIGHT_ReadAPDPReg(AP reg 0x03)
T3B94 000:401.856   Value=0x00000000
T3B94 000:401.874 - 0.418ms returns 0
T3B94 000:401.888 JLINK_CORESIGHT_WriteAPDPReg(AP reg 0x00, 0x80000002)
T3B94 000:402.119 - 0.231ms returns 0
T3B94 000:402.134 JLINK_CORESIGHT_WriteAPDPReg(AP reg 0x01, 0x80011130)
T3B94 000:402.379 - 0.245ms returns 0
T3B94 000:402.393 JLINK_CORESIGHT_ReadAPDPReg(AP reg 0x03)
T3B94 000:402.673   Value=0x73020081
T3B94 000:402.690 - 0.296ms returns 0
T3B94 000:402.704 JLINK_CORESIGHT_WriteAPDPReg(AP reg 0x00, 0x80000002)
T3B94 000:402.927 - 0.223ms returns 0
T3B94 000:402.941 JLINK_CORESIGHT_WriteAPDPReg(AP reg 0x01, 0x80011140)
T3B94 000:403.166 - 0.225ms returns 0
T3B94 000:403.180 JLINK_CORESIGHT_ReadAPDPReg(AP reg 0x03)
T3B94 000:403.457   Value=0x00000000
T3B94 000:403.472 - 0.292ms returns 0
T3B94 000:403.485 JLINK_CORESIGHT_WriteAPDPReg(AP reg 0x00, 0x80000002)
T3B94 000:403.713 - 0.228ms returns 0
T3B94 000:403.727 JLINK_CORESIGHT_WriteAPDPReg(AP reg 0x01, 0x80011130)
T3B94 000:403.952 - 0.226ms returns 0
T3B94 000:403.966 JLINK_CORESIGHT_ReadAPDPReg(AP reg 0x03)
T3B94 000:404.250   Value=0x00038902
T3B94 000:404.265 - 0.299ms returns 0
T3B94 000:404.280 JLINK_CORESIGHT_WriteAPDPReg(AP reg 0x00, 0x80000002)
T3B94 000:404.524 - 0.244ms returns 0
T3B94 000:404.538 JLINK_CORESIGHT_WriteAPDPReg(AP reg 0x01, 0x80011140)
T3B94 000:404.756 - 0.218ms returns 0
T3B94 000:404.770 JLINK_CORESIGHT_ReadAPDPReg(AP reg 0x03)
T3B94 000:405.040   Value=0x00000002
T3B94 000:405.055 - 0.285ms returns 0
T3B94 000:405.068 JLINK_CORESIGHT_WriteAPDPReg(AP reg 0x00, 0x80000002)
T3B94 000:405.277 - 0.209ms returns 0
T3B94 000:405.291 JLINK_CORESIGHT_WriteAPDPReg(AP reg 0x01, 0x80011120)
T3B94 000:405.505 - 0.215ms returns 0
T3B94 000:405.519 JLINK_CORESIGHT_WriteAPDPReg(AP reg 0x03, 0x75010001)
T3B94 000:405.737 - 0.218ms returns 0
T3B94 000:405.751 JLINK_CORESIGHT_WriteAPDPReg(AP reg 0x00, 0x80000002)
T3B94 000:405.959 - 0.208ms returns 0
T3B94 000:405.973 JLINK_CORESIGHT_WriteAPDPReg(AP reg 0x01, 0x80011140)
T3B94 000:406.255 - 0.280ms returns 0
T3B94 000:406.277 JLINK_CORESIGHT_ReadAPDPReg(AP reg 0x03)
T3B94 000:406.562   Value=0x00000002
T3B94 000:406.583 - 0.306ms returns 0
T3B94 000:406.599 JLINK_CORESIGHT_WriteAPDPReg(AP reg 0x00, 0x80000002)
T3B94 000:406.843 - 0.244ms returns 0
T3B94 000:406.858 JLINK_CORESIGHT_WriteAPDPReg(AP reg 0x01, 0x80011120)
T3B94 000:407.084 - 0.226ms returns 0
T3B94 000:407.099 JLINK_CORESIGHT_WriteAPDPReg(AP reg 0x03, 0x0000038A)
T3B94 000:407.308 - 0.209ms returns 0
T3B94 000:407.316 JLINK_CORESIGHT_WriteAPDPReg(AP reg 0x00, 0x80000002)
T3B94 000:407.523 - 0.208ms returns 0
T3B94 000:407.531 JLINK_CORESIGHT_WriteAPDPReg(AP reg 0x01, 0x80011140)
T3B94 000:407.739 - 0.208ms returns 0
T3B94 000:407.747 JLINK_CORESIGHT_ReadAPDPReg(AP reg 0x03)
T3B94 000:408.030   Value=0x00000002
T3B94 000:408.062 - 0.314ms returns 0
T3B94 000:408.075 JLINK_CORESIGHT_ReadAPDPReg(AP reg 0x03)
T3B94 000:408.333   Value=0x00000002
T3B94 000:408.345 - 0.270ms returns 0
T3B94 000:408.353 JLINK_CORESIGHT_ReadAPDPReg(AP reg 0x03)
T3B94 000:408.617   Value=0x00000002
T3B94 000:408.633 - 0.280ms returns 0
T3B94 000:408.646 JLINK_CORESIGHT_ReadAPDPReg(AP reg 0x03)
T3B94 000:408.920   Value=0x00000002
T3B94 000:408.935 - 0.289ms returns 0
T3B94 000:408.948 JLINK_CORESIGHT_ReadAPDPReg(AP reg 0x03)
T3B94 000:409.254   Value=0x00000002
T3B94 000:409.269 - 0.321ms returns 0
T3B94 000:409.282 JLINK_CORESIGHT_ReadAPDPReg(AP reg 0x03)
T3B94 000:409.559   Value=0x00000002
T3B94 000:409.574 - 0.293ms returns 0
T3B94 000:409.587 JLINK_CORESIGHT_ReadAPDPReg(AP reg 0x03)
T3B94 000:409.860   Value=0x00000002
T3B94 000:409.877 - 0.289ms returns 0
T3B94 000:409.889 JLINK_CORESIGHT_ReadAPDPReg(AP reg 0x03)
T3B94 000:410.166   Value=0x00000002
T3B94 000:410.187 - 0.298ms returns 0
T3B94 000:410.200 JLINK_CORESIGHT_ReadAPDPReg(AP reg 0x03)
T3B94 000:410.476   Value=0x00000002
T3B94 000:410.491 - 0.291ms returns 0
T3B94 000:410.504 JLINK_CORESIGHT_ReadAPDPReg(AP reg 0x03)
T3B94 000:410.784   Value=0x00000000
T3B94 000:410.802 - 0.298ms returns 0
T3B94 000:410.816 JLINK_CORESIGHT_WriteAPDPReg(AP reg 0x00, 0x80000002)
T3B94 000:411.039 - 0.224ms returns 0
T3B94 000:411.054 JLINK_CORESIGHT_WriteAPDPReg(AP reg 0x01, 0x80011130)
T3B94 000:411.280 - 0.226ms returns 0
T3B94 000:411.294 JLINK_CORESIGHT_ReadAPDPReg(AP reg 0x03)
T3B94 000:411.574   Value=0x75020081
T3B94 000:411.592 - 0.298ms returns 0
T3B94 000:411.607 JLINK_CORESIGHT_WriteAPDPReg(AP reg 0x00, 0x80000002)
T3B94 000:411.842 - 0.236ms returns 0
T3B94 000:411.862 JLINK_CORESIGHT_WriteAPDPReg(AP reg 0x01, 0x80011140)
T3B94 000:412.133 - 0.270ms returns 0
T3B94 000:412.180 JLINK_CORESIGHT_ReadAPDPReg(AP reg 0x03)
T3B94 000:412.514   Value=0x00000000
T3B94 000:412.556 - 0.376ms returns 0
T3B94 000:412.575 JLINK_CORESIGHT_WriteAPDPReg(AP reg 0x00, 0x80000002)
T3B94 000:412.835 - 0.259ms returns 0
T3B94 000:412.870 JLINK_CORESIGHT_WriteAPDPReg(AP reg 0x01, 0x80011130)
T3B94 000:413.110 - 0.240ms returns 0
T3B94 000:413.128 JLINK_CORESIGHT_ReadAPDPReg(AP reg 0x03)
T3B94 000:413.437   Value=0x00038702
T3B94 000:413.453 - 0.325ms returns 0
T3B94 000:413.480 JLINK_CORESIGHT_WriteAPDPReg(AP reg 0x00, 0x80000002)
T3B94 000:413.744 - 0.264ms returns 0
T3B94 000:413.766 JLINK_CORESIGHT_WriteAPDPReg(AP reg 0x01, 0x80011140)
T3B94 000:414.010 - 0.245ms returns 0
T3B94 000:414.036 JLINK_CORESIGHT_ReadAPDPReg(AP reg 0x03)
T3B94 000:414.896   Value=0x00000002
T3B94 000:414.936 - 0.899ms returns 0
T3B94 000:414.956 JLINK_CORESIGHT_WriteAPDPReg(AP reg 0x00, 0x80000002)
T3B94 000:415.260 - 0.304ms returns 0
T3B94 000:415.280 JLINK_CORESIGHT_WriteAPDPReg(AP reg 0x01, 0x80011120)
T3B94 000:415.509 - 0.229ms returns 0
T3B94 000:415.524 JLINK_CORESIGHT_WriteAPDPReg(AP reg 0x03, 0x4F010001)
T3B94 000:415.746 - 0.222ms returns 0
T3B94 000:415.763 JLINK_CORESIGHT_WriteAPDPReg(AP reg 0x00, 0x80000002)
T3B94 000:416.015 - 0.251ms returns 0
T3B94 000:416.030 JLINK_CORESIGHT_WriteAPDPReg(AP reg 0x01, 0x80011140)
T3B94 000:416.256 - 0.226ms returns 0
T3B94 000:416.272 JLINK_CORESIGHT_ReadAPDPReg(AP reg 0x03)
T3B94 000:416.586   Value=0x00000002
T3B94 000:416.605 - 0.333ms returns 0
T3B94 000:416.620 JLINK_CORESIGHT_WriteAPDPReg(AP reg 0x00, 0x80000002)
T3B94 000:416.857 - 0.238ms returns 0
T3B94 000:416.873 JLINK_CORESIGHT_WriteAPDPReg(AP reg 0x01, 0x80011120)
T3B94 000:417.096 - 0.223ms returns 0
T3B94 000:417.112 JLINK_CORESIGHT_WriteAPDPReg(AP reg 0x03, 0x000003B0)
T3B94 000:417.377 - 0.265ms returns 0
T3B94 000:417.394 JLINK_CORESIGHT_WriteAPDPReg(AP reg 0x00, 0x80000002)
T3B94 000:417.629 - 0.235ms returns 0
T3B94 000:417.645 JLINK_CORESIGHT_WriteAPDPReg(AP reg 0x01, 0x80011140)
T3B94 000:417.945 - 0.299ms returns 0
T3B94 000:417.962 JLINK_CORESIGHT_ReadAPDPReg(AP reg 0x03)
T3B94 000:418.279   Value=0x00000002
T3B94 000:418.326 - 0.364ms returns 0
T3B94 000:418.353 JLINK_CORESIGHT_ReadAPDPReg(AP reg 0x03)
T3B94 000:418.709   Value=0x00000002
T3B94 000:418.748 - 0.395ms returns 0
T3B94 000:418.769 JLINK_CORESIGHT_ReadAPDPReg(AP reg 0x03)
T3B94 000:419.081   Value=0x00000002
T3B94 000:419.101 - 0.332ms returns 0
T3B94 000:419.118 JLINK_CORESIGHT_ReadAPDPReg(AP reg 0x03)
T3B94 000:419.430   Value=0x00000002
T3B94 000:419.449 - 0.332ms returns 0
T3B94 000:419.476 JLINK_CORESIGHT_ReadAPDPReg(AP reg 0x03)
T3B94 000:419.806   Value=0x00000002
T3B94 000:419.825 - 0.348ms returns 0
T3B94 000:419.849 JLINK_CORESIGHT_ReadAPDPReg(AP reg 0x03)
T3B94 000:420.161   Value=0x00000002
T3B94 000:420.180 - 0.331ms returns 0
T3B94 000:420.201 JLINK_CORESIGHT_ReadAPDPReg(AP reg 0x03)
T3B94 000:420.509   Value=0x00000000
T3B94 000:420.528 - 0.327ms returns 0
T3B94 000:420.550 JLINK_CORESIGHT_WriteAPDPReg(AP reg 0x00, 0x80000002)
T3B94 000:420.774 - 0.224ms returns 0
T3B94 000:420.798 JLINK_CORESIGHT_WriteAPDPReg(AP reg 0x01, 0x80011130)
T3B94 000:421.022 - 0.224ms returns 0
T3B94 000:421.043 JLINK_CORESIGHT_ReadAPDPReg(AP reg 0x03)
T3B94 000:421.303   Value=0x4F0B0081
T3B94 000:421.321 - 0.278ms returns 0
T3B94 000:421.349 JLINK_CORESIGHT_WriteAPDPReg(AP reg 0x00, 0x80000002)
T3B94 000:421.598 - 0.248ms returns 0
T3B94 000:421.640 JLINK_CORESIGHT_WriteAPDPReg(AP reg 0x01, 0x80011140)
T3B94 000:421.915 - 0.274ms returns 0
T3B94 000:421.976 JLINK_CORESIGHT_ReadAPDPReg(AP reg 0x03)
T3B94 000:422.289   Value=0x00000000
T3B94 000:422.335 - 0.359ms returns 0
T3B94 000:422.369 JLINK_CORESIGHT_WriteAPDPReg(AP reg 0x00, 0x80000002)
T3B94 000:422.635 - 0.267ms returns 0
T3B94 000:422.658 JLINK_CORESIGHT_WriteAPDPReg(AP reg 0x01, 0x80011130)
T3B94 000:422.867 - 0.209ms returns 0
T3B94 000:422.891 JLINK_CORESIGHT_ReadAPDPReg(AP reg 0x03)
T3B94 000:423.166   Value=0x00010000
T3B94 000:423.183 - 0.292ms returns 0
T3B94 000:423.204 JLINK_CORESIGHT_WriteAPDPReg(AP reg 0x00, 0x80000002)
T3B94 000:423.954 - 0.750ms returns 0
T3B94 000:423.973 JLINK_CORESIGHT_WriteAPDPReg(AP reg 0x01, 0x80011140)
T3B94 000:425.047 - 1.074ms returns 0
T3B94 000:425.068 JLINK_CORESIGHT_ReadAPDPReg(AP reg 0x03)
T3B94 000:425.782   Value=0x00000000
T3B94 000:425.799 - 0.731ms returns 0
T3B94 000:425.821 JLINK_CORESIGHT_WriteAPDPReg(AP reg 0x00, 0x80000002)
T3B94 000:426.050 - 0.230ms returns 0
T3B94 000:426.070 JLINK_CORESIGHT_WriteAPDPReg(AP reg 0x01, 0x80011130)
T3B94 000:426.306 - 0.236ms returns 0
T3B94 000:426.325 JLINK_CORESIGHT_ReadAPDPReg(AP reg 0x03)
T3B94 000:426.599   Value=0x00000000
T3B94 000:426.615 - 0.290ms returns 0
T3B94 000:426.633 JLINK_CORESIGHT_WriteAPDPReg(AP reg 0x00, 0x80000002)
T3B94 000:426.868 - 0.235ms returns 0
T3B94 000:426.888 JLINK_CORESIGHT_WriteAPDPReg(AP reg 0x01, 0x80011140)
T3B94 000:427.116 - 0.229ms returns 0
T3B94 000:427.136 JLINK_CORESIGHT_ReadAPDPReg(AP reg 0x03)
T3B94 000:427.432   Value=0x00000000
T3B94 000:427.449 - 0.313ms returns 0
T3B94 000:427.467 JLINK_CORESIGHT_WriteAPDPReg(AP reg 0x00, 0x80000002)
T3B94 000:427.997 - 0.529ms returns 0
T3B94 000:428.016 JLINK_CORESIGHT_WriteAPDPReg(AP reg 0x01, 0x80011130)
T3B94 000:428.301 - 0.284ms returns 0
T3B94 000:428.355 JLINK_CORESIGHT_ReadAPDPReg(AP reg 0x03)
T3B94 000:428.684   Value=0x03A50000
T3B94 000:428.713 - 0.358ms returns 0
T3B94 000:430.020 JLINK_CORESIGHT_ReadAPDPReg(DP reg 0x01)
T3B94 000:430.683   Value=0xF0000F40
T3B94 000:430.715 - 0.695ms returns 0
T3B94 000:430.733 JLINK_CORESIGHT_WriteAPDPReg(DP reg 0x01, 0xA0000F40)
T3B94 000:430.980 - 0.247ms returns 0
T3B94 000:431.003 JLINK_CORESIGHT_ReadAPDPReg(DP reg 0x01)
T3B94 000:431.500   Value=0x00000F40
T3B94 000:431.519 - 0.516ms returns 0
T3B94 000:431.533 JLINK_ClrRESET()
T3B94 000:431.826 - 0.292ms 
T3B94 000:543.569 JLINK_Close()
T3B94 000:559.489 - 15.919ms
T3B94 000:559.528   
T3B94 000:559.539   Closed
